// Vitest Snapshot v1, https://vitest.dev/guide/snapshot.html

exports[`renderMainMenu > renders the branded main menu with login action 1`] = `
"════════════════════════════════════════════════════════════
 CodeMachine - Multi-Agent Workflow Orchestration 
════════════════════════════════════════════════════════════
   ██████╗ ██████╗ ██████╗ ███████╗
  ██╔════╝██╔═══██╗██╔══██╗██╔════╝
  ██║     ██║   ██║██║  ██║█████╗  
  ██║     ██║   ██║██║  ██║██╔══╝  
  ╚██████╗╚██████╔╝██████╔╝███████╗
   ╚═════╝ ╚═════╝ ╚═════╝ ╚══════╝
  ███╗   ███╗ █████╗  ██████╗██╗  ██╗██╗███╗   ██╗███████╗
  ████╗ ████║██╔══██╗██╔════╝██║  ██║██║████╗  ██║██╔════╝
  ██╔████╔██║███████║██║     ███████║██║██╔██╗ ██║█████╗  
  ██║╚██╔╝██║██╔══██║██║     ██╔══██║██║██║╚██╗██║██╔══╝  
  ██║ ╚═╝ ██║██║  ██║╚██████╗██║  ██║██║██║ ╚████║███████╗
  ╚═╝     ╚═╝╚═╝  ╚═╝ ╚═════╝╚═╝  ╚═╝╚═╝╚═╝  ╚═══╝╚══════╝
════════════════════════════════════════════════════════════
Template:               DEFAULT - READY
════════════════════════════════════════════════════════════
/start:                 Run configured workflow queue
/templates:             Browse available templates
/version:               Show CLI version
/help:                  Show command help
════════════════════════════════════════════════════════════
Have you written the full specification in .codemachine/inputs/specifications.md?
Add any necessary context files, then run /start to begin.
════════════════════════════════════════════════════════════"
`;

exports[`renderMainMenu > renders the branded main menu with logout action 1`] = `
"════════════════════════════════════════════════════════════
 CodeMachine - Multi-Agent Workflow Orchestration 
════════════════════════════════════════════════════════════
   ██████╗ ██████╗ ██████╗ ███████╗
  ██╔════╝██╔═══██╗██╔══██╗██╔════╝
  ██║     ██║   ██║██║  ██║█████╗  
  ██║     ██║   ██║██║  ██║██╔══╝  
  ╚██████╗╚██████╔╝██████╔╝███████╗
   ╚═════╝ ╚═════╝ ╚═════╝ ╚══════╝
  ███╗   ███╗ █████╗  ██████╗██╗  ██╗██╗███╗   ██╗███████╗
  ████╗ ████║██╔══██╗██╔════╝██║  ██║██║████╗  ██║██╔════╝
  ██╔████╔██║███████║██║     ███████║██║██╔██╗ ██║█████╗  
  ██║╚██╔╝██║██╔══██║██║     ██╔══██║██║██║╚██╗██║██╔══╝  
  ██║ ╚═╝ ██║██║  ██║╚██████╗██║  ██║██║██║ ╚████║███████╗
  ╚═╝     ╚═╝╚═╝  ╚═╝ ╚═════╝╚═╝  ╚═╝╚═╝╚═╝  ╚═══╝╚══════╝
════════════════════════════════════════════════════════════
Template:               DEFAULT - READY
════════════════════════════════════════════════════════════
/start:                 Run configured workflow queue
/templates:             Browse available templates
/version:               Show CLI version
/help:                  Show command help
════════════════════════════════════════════════════════════
Have you written the full specification in .codemachine/inputs/specifications.md?
Add any necessary context files, then run /start to begin.
════════════════════════════════════════════════════════════"
`;
